// Jest Snapshot v1, https://goo.gl/fbAQLP

exports[`<ErrorView /> should match snapshot 1`] = `
<DocumentFragment>
  <div
    class="mx_ErrorView cpd-theme-light"
  >
    <img
      alt="Element"
      class="mx_ErrorView_logo"
      height="160"
      src="themes/element/img/logos/element-app-logo.png"
    />
    <div
      class="mx_ErrorView_container"
    >
      <h1
        class="_typography_yh5dq_162 _font-heading-md-semibold_yh5dq_121"
      >
        TITLE
      </h1>
      <p
        class="_typography_yh5dq_162 _font-body-lg-regular_yh5dq_78"
      >
        MSG1
      </p>
      <p
        class="_typography_yh5dq_162 _font-body-lg-regular_yh5dq_78"
      >
        MSG2
      </p>
    </div>
  </div>
</DocumentFragment>
`;
